Script started on Sun 01 Nov 2015 03:16:39 PM EST
root@windowsslave:/dev/shm# exit[K[K[K[Kod -t x1 sem.qaz
0000000 01 00 00 00 00 00 00 00 00 00 00 00 00 00 00 00
0000020 00 00 00 00 00 00 00 00 00 00 00 00 00 00 00 00
0000040
root@windowsslave:/dev/shm# od -t x1 sem.qaz
0000000 00 00 00 00 00 00 00 00 00 00 00 00 00 00 00 00
*
0000040
root@windowsslave:/dev/shm# od -t x1 sem.qaz
0000000 00 00 00 00 00 00 00 00 02 00 00 00 00 00 00 00
0000020 00 00 00 00 00 00 00 00 00 00 00 00 00 00 00 00
0000040
root@windowsslave:/dev/shm# od -t x1 sem.qaz
0000000 00 00 00 00 00 00 00 00 01 00 00 00 00 00 00 00
0000020 00 00 00 00 00 00 00 00 00 00 00 00 00 00 00 00
0000040
root@windowsslave:/dev/shm# od -t x1 sem.qaz
0000000 00 00 00 00 00 00 00 00 00 00 00 00 00 00 00 00
*
0000040
root@windowsslave:/dev/shm# od -t x1 sem.qaz
od: sem.qaz: No such file or directory
root@windowsslave:/dev/shm# exit
exit

Script done on Sun 01 Nov 2015 03:30:58 PM EST
